<?xml version="1.0"?>
<!DOCTYPE BlastOutput PUBLIC "-//NCBI//NCBI BlastOutput/EN" "http://www.ncbi.nlm.nih.gov/dtd/NCBI_BlastOutput.dtd">
<BlastOutput>
  <BlastOutput_program>blastn</BlastOutput_program>
  <BlastOutput_version>BLASTN 2.12.0+</BlastOutput_version>
  <BlastOutput_reference>Stephen F. Altschul, Thomas L. Madden, Alejandro A. Sch&amp;auml;ffer, Jinghui Zhang, Zheng Zhang, Webb Miller, and David J. Lipman (1997), &quot;Gapped BLAST and PSI-BLAST: a new generation of protein database search programs&quot;, Nucleic Acids Res. 25:3389-3402.</BlastOutput_reference>
  <BlastOutput_db>nt</BlastOutput_db>
  <BlastOutput_query-ID>Query_7973</BlastOutput_query-ID>
  <BlastOutput_query-def>No definition line</BlastOutput_query-def>
  <BlastOutput_query-len>76</BlastOutput_query-len>
  <BlastOutput_param>
    <Parameters>
      <Parameters_expect>10</Parameters_expect>
      <Parameters_sc-match>2</Parameters_sc-match>
      <Parameters_sc-mismatch>-3</Parameters_sc-mismatch>
      <Parameters_gap-open>5</Parameters_gap-open>
      <Parameters_gap-extend>2</Parameters_gap-extend>
      <Parameters_filter>L;m;</Parameters_filter>
    </Parameters>
  </BlastOutput_param>
<BlastOutput_iterations>
<Iteration>
  <Iteration_iter-num>1</Iteration_iter-num>
  <Iteration_query-ID>Query_7973</Iteration_query-ID>
  <Iteration_query-def>No definition line</Iteration_query-def>
  <Iteration_query-len>76</Iteration_query-len>
<Iteration_hits>
<Hit>
  <Hit_num>1</Hit_num>
  <Hit_id>gi|2072436986|gb|MZ617452.1|</Hit_id>
  <Hit_def>Human papillomavirus type 6 isolate 2137, complete genome</Hit_def>
  <Hit_accession>MZ617452</Hit_accession>
  <Hit_len>7994</Hit_len>
  <Hit_hsps>
    <Hsp>
      <Hsp_num>1</Hsp_num>
      <Hsp_bit-score>133.834</Hsp_bit-score>
      <Hsp_score>147</Hsp_score>
      <Hsp_evalue>2.22538e-27</Hsp_evalue>
      <Hsp_query-from>1</Hsp_query-from>
      <Hsp_query-to>76</Hsp_query-to>
      <Hsp_hit-from>454</Hsp_hit-from>
      <Hsp_hit-to>529</Hsp_hit-to>
      <Hsp_query-frame>1</Hsp_query-frame>
      <Hsp_hit-frame>1</Hsp_hit-frame>
      <Hsp_identity>75</Hsp_identity>
      <Hsp_positive>75</Hsp_positive>
      <Hsp_gaps>0</Hsp_gaps>
      <Hsp_align-len>76</Hsp_align-len>
      <Hsp_qseq>AGGATATTGTATTAGACCTGCAACCTCCAGACCCTGTAGGGTTACATTGCTATGAGCAATTAGTAGACAGCGCAGA</Hsp_qseq>
      <Hsp_hseq>AGGATATTGTATTAGACCTGCAACCTCCAGACCCTGTAGGGTTACATTGCTATGAGCAATTAGTAGACAGCTCAGA</Hsp_hseq>
      <Hsp_midline>||||||||||||||||||||||||||||||||||||||||||||||||||||||||||||||||||||||| ||||</Hsp_midline>
    </Hsp>
  </Hit_hsps>
</Hit>
<Hit>
  <Hit_num>2</Hit_num>
  <Hit_id>gi|2072436976|gb|MZ617451.1|</Hit_id>
  <Hit_def>Human papillomavirus type 6 isolate 1205, complete genome</Hit_def>
  <Hit_accession>MZ617451</Hit_accession>
  <Hit_len>8031</Hit_len>
  <Hit_hsps>
    <Hsp>
      <Hsp_num>1</Hsp_num>
      <Hsp_bit-score>133.834</Hsp_bit-score>
      <Hsp_score>147</Hsp_score>
      <Hsp_evalue>2.22538e-27</Hsp_evalue>
      <Hsp_query-from>1</Hsp_query-from>
      <Hsp_query-to>76</Hsp_query-to>
      <Hsp_hit-from>454</Hsp_hit-from>
      <Hsp_hit-to>529</Hsp_hit-to>
      <Hsp_query-frame>1</Hsp_query-frame>
      <Hsp_hit-frame>1</Hsp_hit-frame>
      <Hsp_identity>75</Hsp_identity>
      <Hsp_positive>75</Hsp_positive>
      <Hsp_gaps>0</Hsp_gaps>
      <Hsp_align-len>76</Hsp_align-len>
      <Hsp_qseq>AGGATATTGTATTAGACCTGCAACCTCCAGACCCTGTAGGGTTACATTGCTATGAGCAATTAGTAGACAGCGCAGA</Hsp_qseq>
      <Hsp_hseq>AGGATATTGTATTAGACCTGCAACCTCCAGACCCTGTAGGGTTACATTGCTATGAGCAATTAGTAGACAGCTCAGA</Hsp_hseq>
      <Hsp_midline>||||||||||||||||||||||||||||||||||||||||||||||||||||||||||||||||||||||| ||||</Hsp_midline>
    </Hsp>
  </Hit_hsps>
</Hit>
<Hit>
  <Hit_num>3</Hit_num>
  <Hit_id>gi|2072436966|gb|MZ617450.1|</Hit_id>
  <Hit_def>Human papillomavirus type 6 isolate 1181, complete genome</Hit_def>
  <Hit_accession>MZ617450</Hit_accession>
  <Hit_len>8031</Hit_len>
  <Hit_hsps>
    <Hsp>
      <Hsp_num>1</Hsp_num>
      <Hsp_bit-score>133.834</Hsp_bit-score>
      <Hsp_score>147</Hsp_score>
      <Hsp_evalue>2.22538e-27</Hsp_evalue>
      <Hsp_query-from>1</Hsp_query-from>
      <Hsp_query-to>76</Hsp_query-to>
      <Hsp_hit-from>454</Hsp_hit-from>
      <Hsp_hit-to>529</Hsp_hit-to>
      <Hsp_query-frame>1</Hsp_query-frame>
      <Hsp_hit-frame>1</Hsp_hit-frame>
      <Hsp_identity>75</Hsp_identity>
      <Hsp_positive>75</Hsp_positive>
      <Hsp_gaps>0</Hsp_gaps>
      <Hsp_align-len>76</Hsp_align-len>
      <Hsp_qseq>AGGATATTGTATTAGACCTGCAACCTCCAGACCCTGTAGGGTTACATTGCTATGAGCAATTAGTAGACAGCGCAGA</Hsp_qseq>
      <Hsp_hseq>AGGATATTGTATTAGACCTGCAACCTCCAGACCCTGTAGGGTTACATTGCTATGAGCAATTAGTAGACAGCTCAGA</Hsp_hseq>
      <Hsp_midline>||||||||||||||||||||||||||||||||||||||||||||||||||||||||||||||||||||||| ||||</Hsp_midline>
    </Hsp>
  </Hit_hsps>
</Hit>
<Hit>
  <Hit_num>4</Hit_num>
  <Hit_id>gi|2072436956|gb|MZ617449.1|</Hit_id>
  <Hit_def>Human papillomavirus type 6 isolate 0759, complete genome</Hit_def>
  <Hit_accession>MZ617449</Hit_accession>
  <Hit_len>8031</Hit_len>
  <Hit_hsps>
    <Hsp>
      <Hsp_num>1</Hsp_num>
      <Hsp_bit-score>133.834</Hsp_bit-score>
      <Hsp_score>147</Hsp_score>
      <Hsp_evalue>2.22538e-27</Hsp_evalue>
      <Hsp_query-from>1</Hsp_query-from>
      <Hsp_query-to>76</Hsp_query-to>
      <Hsp_hit-from>454</Hsp_hit-from>
      <Hsp_hit-to>529</Hsp_hit-to>
      <Hsp_query-frame>1</Hsp_query-frame>
      <Hsp_hit-frame>1</Hsp_hit-frame>
      <Hsp_identity>75</Hsp_identity>
      <Hsp_positive>75</Hsp_positive>
      <Hsp_gaps>0</Hsp_gaps>
      <Hsp_align-len>76</Hsp_align-len>
      <Hsp_qseq>AGGATATTGTATTAGACCTGCAACCTCCAGACCCTGTAGGGTTACATTGCTATGAGCAATTAGTAGACAGCGCAGA</Hsp_qseq>
      <Hsp_hseq>AGGATATTGTATTAGACCTGCAACCTCCAGACCCTGTAGGGTTACATTGCTATGAGCAATTAGTAGACAGCTCAGA</Hsp_hseq>
      <Hsp_midline>||||||||||||||||||||||||||||||||||||||||||||||||||||||||||||||||||||||| ||||</Hsp_midline>
    </Hsp>
  </Hit_hsps>
</Hit>
<Hit>
  <Hit_num>5</Hit_num>
  <Hit_id>gi|2072436946|gb|MZ617448.1|</Hit_id>
  <Hit_def>Human papillomavirus type 6 isolate 0767, complete genome</Hit_def>
  <Hit_accession>MZ617448</Hit_accession>
  <Hit_len>8031</Hit_len>
  <Hit_hsps>
    <Hsp>
      <Hsp_num>1</Hsp_num>
      <Hsp_bit-score>133.834</Hsp_bit-score>
      <Hsp_score>147</Hsp_score>
      <Hsp_evalue>2.22538e-27</Hsp_evalue>
      <Hsp_query-from>1</Hsp_query-from>
      <Hsp_query-to>76</Hsp_query-to>
      <Hsp_hit-from>454</Hsp_hit-from>
      <Hsp_hit-to>529</Hsp_hit-to>
      <Hsp_query-frame>1</Hsp_query-frame>
      <Hsp_hit-frame>1</Hsp_hit-frame>
      <Hsp_identity>75</Hsp_identity>
      <Hsp_positive>75</Hsp_positive>
      <Hsp_gaps>0</Hsp_gaps>
      <Hsp_align-len>76</Hsp_align-len>
      <Hsp_qseq>AGGATATTGTATTAGACCTGCAACCTCCAGACCCTGTAGGGTTACATTGCTATGAGCAATTAGTAGACAGCGCAGA</Hsp_qseq>
      <Hsp_hseq>AGGATATTGTATTAGACCTGCAACCTCCAGACCCTGTAGGGTTACATTGCTATGAGCAATTAGTAGACAGCTCAGA</Hsp_hseq>
      <Hsp_midline>||||||||||||||||||||||||||||||||||||||||||||||||||||||||||||||||||||||| ||||</Hsp_midline>
    </Hsp>
  </Hit_hsps>
</Hit>
<Hit>
  <Hit_num>6</Hit_num>
  <Hit_id>gi|2072436936|gb|MZ617447.1|</Hit_id>
  <Hit_def>Human papillomavirus type 6 isolate 0758, complete genome</Hit_def>
  <Hit_accession>MZ617447</Hit_accession>
  <Hit_len>8031</Hit_len>
  <Hit_hsps>
    <Hsp>
      <Hsp_num>1</Hsp_num>
      <Hsp_bit-score>133.834</Hsp_bit-score>
      <Hsp_score>147</Hsp_score>
      <Hsp_evalue>2.22538e-27</Hsp_evalue>
      <Hsp_query-from>1</Hsp_query-from>
      <Hsp_query-to>76</Hsp_query-to>
      <Hsp_hit-from>454</Hsp_hit-from>
      <Hsp_hit-to>529</Hsp_hit-to>
      <Hsp_query-frame>1</Hsp_query-frame>
      <Hsp_hit-frame>1</Hsp_hit-frame>
      <Hsp_identity>75</Hsp_identity>
      <Hsp_positive>75</Hsp_positive>
      <Hsp_gaps>0</Hsp_gaps>
      <Hsp_align-len>76</Hsp_align-len>
      <Hsp_qseq>AGGATATTGTATTAGACCTGCAACCTCCAGACCCTGTAGGGTTACATTGCTATGAGCAATTAGTAGACAGCGCAGA</Hsp_qseq>
      <Hsp_hseq>AGGATATTGTATTAGACCTGCAACCTCCAGACCCTGTAGGGTTACATTGCTATGAGCAATTAGTAGACAGCTCAGA</Hsp_hseq>
      <Hsp_midline>||||||||||||||||||||||||||||||||||||||||||||||||||||||||||||||||||||||| ||||</Hsp_midline>
    </Hsp>
  </Hit_hsps>
</Hit>
<Hit>
  <Hit_num>7</Hit_num>
  <Hit_id>gi|2072436926|gb|MZ617446.1|</Hit_id>
  <Hit_def>Human papillomavirus type 6 isolate 0756, complete genome</Hit_def>
  <Hit_accession>MZ617446</Hit_accession>
  <Hit_len>8031</Hit_len>
  <Hit_hsps>
    <Hsp>
      <Hsp_num>1</Hsp_num>
      <Hsp_bit-score>133.834</Hsp_bit-score>
      <Hsp_score>147</Hsp_score>
      <Hsp_evalue>2.22538e-27</Hsp_evalue>
      <Hsp_query-from>1</Hsp_query-from>
      <Hsp_query-to>76</Hsp_query-to>
      <Hsp_hit-from>454</Hsp_hit-from>
      <Hsp_hit-to>529</Hsp_hit-to>
      <Hsp_query-frame>1</Hsp_query-frame>
      <Hsp_hit-frame>1</Hsp_hit-frame>
      <Hsp_identity>75</Hsp_identity>
      <Hsp_positive>75</Hsp_positive>
      <Hsp_gaps>0</Hsp_gaps>
      <Hsp_align-len>76</Hsp_align-len>
      <Hsp_qseq>AGGATATTGTATTAGACCTGCAACCTCCAGACCCTGTAGGGTTACATTGCTATGAGCAATTAGTAGACAGCGCAGA</Hsp_qseq>
      <Hsp_hseq>AGGATATTGTATTAGACCTGCAACCTCCAGACCCTGTAGGGTTACATTGCTATGAGCAATTAGTAGACAGCTCAGA</Hsp_hseq>
      <Hsp_midline>||||||||||||||||||||||||||||||||||||||||||||||||||||||||||||||||||||||| ||||</Hsp_midline>
    </Hsp>
  </Hit_hsps>
</Hit>
<Hit>
  <Hit_num>8</Hit_num>
  <Hit_id>gi|2072436916|gb|MZ617445.1|</Hit_id>
  <Hit_def>Human papillomavirus type 6 isolate 0746, complete genome</Hit_def>
  <Hit_accession>MZ617445</Hit_accession>
  <Hit_len>8031</Hit_len>
  <Hit_hsps>
    <Hsp>
      <Hsp_num>1</Hsp_num>
      <Hsp_bit-score>133.834</Hsp_bit-score>
      <Hsp_score>147</Hsp_score>
      <Hsp_evalue>2.22538e-27</Hsp_evalue>
      <Hsp_query-from>1</Hsp_query-from>
      <Hsp_query-to>76</Hsp_query-to>
      <Hsp_hit-from>454</Hsp_hit-from>
      <Hsp_hit-to>529</Hsp_hit-to>
      <Hsp_query-frame>1</Hsp_query-frame>
      <Hsp_hit-frame>1</Hsp_hit-frame>
      <Hsp_identity>75</Hsp_identity>
      <Hsp_positive>75</Hsp_positive>
      <Hsp_gaps>0</Hsp_gaps>
      <Hsp_align-len>76</Hsp_align-len>
      <Hsp_qseq>AGGATATTGTATTAGACCTGCAACCTCCAGACCCTGTAGGGTTACATTGCTATGAGCAATTAGTAGACAGCGCAGA</Hsp_qseq>
      <Hsp_hseq>AGGATATTGTATTAGACCTGCAACCTCCAGACCCTGTAGGGTTACATTGCTATGAGCAATTAGTAGACAGCTCAGA</Hsp_hseq>
      <Hsp_midline>||||||||||||||||||||||||||||||||||||||||||||||||||||||||||||||||||||||| ||||</Hsp_midline>
    </Hsp>
  </Hit_hsps>
</Hit>
<Hit>
  <Hit_num>9</Hit_num>
  <Hit_id>gi|2072436906|gb|MZ617444.1|</Hit_id>
  <Hit_def>Human papillomavirus type 6 isolate 0745, complete genome</Hit_def>
  <Hit_accession>MZ617444</Hit_accession>
  <Hit_len>8031</Hit_len>
  <Hit_hsps>
    <Hsp>
      <Hsp_num>1</Hsp_num>
      <Hsp_bit-score>133.834</Hsp_bit-score>
      <Hsp_score>147</Hsp_score>
      <Hsp_evalue>2.22538e-27</Hsp_evalue>
      <Hsp_query-from>1</Hsp_query-from>
      <Hsp_query-to>76</Hsp_query-to>
      <Hsp_hit-from>454</Hsp_hit-from>
      <Hsp_hit-to>529</Hsp_hit-to>
      <Hsp_query-frame>1</Hsp_query-frame>
      <Hsp_hit-frame>1</Hsp_hit-frame>
      <Hsp_identity>75</Hsp_identity>
      <Hsp_positive>75</Hsp_positive>
      <Hsp_gaps>0</Hsp_gaps>
      <Hsp_align-len>76</Hsp_align-len>
      <Hsp_qseq>AGGATATTGTATTAGACCTGCAACCTCCAGACCCTGTAGGGTTACATTGCTATGAGCAATTAGTAGACAGCGCAGA</Hsp_qseq>
      <Hsp_hseq>AGGATATTGTATTAGACCTGCAACCTCCAGACCCTGTAGGGTTACATTGCTATGAGCAATTAGTAGACAGCTCAGA</Hsp_hseq>
      <Hsp_midline>||||||||||||||||||||||||||||||||||||||||||||||||||||||||||||||||||||||| ||||</Hsp_midline>
    </Hsp>
  </Hit_hsps>
</Hit>
<Hit>
  <Hit_num>10</Hit_num>
  <Hit_id>gi|2072436896|gb|MZ617443.1|</Hit_id>
  <Hit_def>Human papillomavirus type 6 isolate 0738, complete genome</Hit_def>
  <Hit_accession>MZ617443</Hit_accession>
  <Hit_len>8031</Hit_len>
  <Hit_hsps>
    <Hsp>
      <Hsp_num>1</Hsp_num>
      <Hsp_bit-score>133.834</Hsp_bit-score>
      <Hsp_score>147</Hsp_score>
      <Hsp_evalue>2.22538e-27</Hsp_evalue>
      <Hsp_query-from>1</Hsp_query-from>
      <Hsp_query-to>76</Hsp_query-to>
      <Hsp_hit-from>454</Hsp_hit-from>
      <Hsp_hit-to>529</Hsp_hit-to>
      <Hsp_query-frame>1</Hsp_query-frame>
      <Hsp_hit-frame>1</Hsp_hit-frame>
      <Hsp_identity>75</Hsp_identity>
      <Hsp_positive>75</Hsp_positive>
      <Hsp_gaps>0</Hsp_gaps>
      <Hsp_align-len>76</Hsp_align-len>
      <Hsp_qseq>AGGATATTGTATTAGACCTGCAACCTCCAGACCCTGTAGGGTTACATTGCTATGAGCAATTAGTAGACAGCGCAGA</Hsp_qseq>
      <Hsp_hseq>AGGATATTGTATTAGACCTGCAACCTCCAGACCCTGTAGGGTTACATTGCTATGAGCAATTAGTAGACAGCTCAGA</Hsp_hseq>
      <Hsp_midline>||||||||||||||||||||||||||||||||||||||||||||||||||||||||||||||||||||||| ||||</Hsp_midline>
    </Hsp>
  </Hit_hsps>
</Hit>
<Hit>
  <Hit_num>11</Hit_num>
  <Hit_id>gi|2072436886|gb|MZ617442.1|</Hit_id>
  <Hit_def>Human papillomavirus type 6 isolate 0731, complete genome</Hit_def>
  <Hit_accession>MZ617442</Hit_accession>
  <Hit_len>8031</Hit_len>
  <Hit_hsps>
    <Hsp>
      <Hsp_num>1</Hsp_num>
      <Hsp_bit-score>133.834</Hsp_bit-score>
      <Hsp_score>147</Hsp_score>
      <Hsp_evalue>2.22538e-27</Hsp_evalue>
      <Hsp_query-from>1</Hsp_query-from>
      <Hsp_query-to>76</Hsp_query-to>
      <Hsp_hit-from>454</Hsp_hit-from>
      <Hsp_hit-to>529</Hsp_hit-to>
      <Hsp_query-frame>1</Hsp_query-frame>
      <Hsp_hit-frame>1</Hsp_hit-frame>
      <Hsp_identity>75</Hsp_identity>
      <Hsp_positive>75</Hsp_positive>
      <Hsp_gaps>0</Hsp_gaps>
      <Hsp_align-len>76</Hsp_align-len>
      <Hsp_qseq>AGGATATTGTATTAGACCTGCAACCTCCAGACCCTGTAGGGTTACATTGCTATGAGCAATTAGTAGACAGCGCAGA</Hsp_qseq>
      <Hsp_hseq>AGGATATTGTATTAGACCTGCAACCTCCAGACCCTGTAGGGTTACATTGCTATGAGCAATTAGTAGACAGCTCAGA</Hsp_hseq>
      <Hsp_midline>||||||||||||||||||||||||||||||||||||||||||||||||||||||||||||||||||||||| ||||</Hsp_midline>
    </Hsp>
  </Hit_hsps>
</Hit>
<Hit>
  <Hit_num>12</Hit_num>
  <Hit_id>gi|2072436876|gb|MZ617441.1|</Hit_id>
  <Hit_def>Human papillomavirus type 6 isolate 1210, complete genome</Hit_def>
  <Hit_accession>MZ617441</Hit_accession>
  <Hit_len>7994</Hit_len>
  <Hit_hsps>
    <Hsp>
      <Hsp_num>1</Hsp_num>
      <Hsp_bit-score>133.834</Hsp_bit-score>
      <Hsp_score>147</Hsp_score>
      <Hsp_evalue>2.22538e-27</Hsp_evalue>
      <Hsp_query-from>1</Hsp_query-from>
      <Hsp_query-to>76</Hsp_query-to>
      <Hsp_hit-from>454</Hsp_hit-from>
      <Hsp_hit-to>529</Hsp_hit-to>
      <Hsp_query-frame>1</Hsp_query-frame>
      <Hsp_hit-frame>1</Hsp_hit-frame>
      <Hsp_identity>75</Hsp_identity>
      <Hsp_positive>75</Hsp_positive>
      <Hsp_gaps>0</Hsp_gaps>
      <Hsp_align-len>76</Hsp_align-len>
      <Hsp_qseq>AGGATATTGTATTAGACCTGCAACCTCCAGACCCTGTAGGGTTACATTGCTATGAGCAATTAGTAGACAGCGCAGA</Hsp_qseq>
      <Hsp_hseq>AGGATATTGTATTAGACCTGCAACCTCCAGACCCTGTAGGGTTACATTGCTATGAGCAATTAGTAGACAGCTCAGA</Hsp_hseq>
      <Hsp_midline>||||||||||||||||||||||||||||||||||||||||||||||||||||||||||||||||||||||| ||||</Hsp_midline>
    </Hsp>
  </Hit_hsps>
</Hit>
<Hit>
  <Hit_num>13</Hit_num>
  <Hit_id>gi|2072436866|gb|MZ617440.1|</Hit_id>
  <Hit_def>Human papillomavirus type 6 isolate 1208, complete genome</Hit_def>
  <Hit_accession>MZ617440</Hit_accession>
  <Hit_len>7994</Hit_len>
  <Hit_hsps>
    <Hsp>
      <Hsp_num>1</Hsp_num>
      <Hsp_bit-score>133.834</Hsp_bit-score>
      <Hsp_score>147</Hsp_score>
      <Hsp_evalue>2.22538e-27</Hsp_evalue>
      <Hsp_query-from>1</Hsp_query-from>
      <Hsp_query-to>76</Hsp_query-to>
      <Hsp_hit-from>454</Hsp_hit-from>
      <Hsp_hit-to>529</Hsp_hit-to>
      <Hsp_query-frame>1</Hsp_query-frame>
      <Hsp_hit-frame>1</Hsp_hit-frame>
      <Hsp_identity>75</Hsp_identity>
      <Hsp_positive>75</Hsp_positive>
      <Hsp_gaps>0</Hsp_gaps>
      <Hsp_align-len>76</Hsp_align-len>
      <Hsp_qseq>AGGATATTGTATTAGACCTGCAACCTCCAGACCCTGTAGGGTTACATTGCTATGAGCAATTAGTAGACAGCGCAGA</Hsp_qseq>
      <Hsp_hseq>AGGATATTGTATTAGACCTGCAACCTCCAGACCCTGTAGGGTTACATTGCTATGAGCAATTAGTAGACAGCTCAGA</Hsp_hseq>
      <Hsp_midline>||||||||||||||||||||||||||||||||||||||||||||||||||||||||||||||||||||||| ||||</Hsp_midline>
    </Hsp>
  </Hit_hsps>
</Hit>
<Hit>
  <Hit_num>14</Hit_num>
  <Hit_id>gi|2072436856|gb|MZ617439.1|</Hit_id>
  <Hit_def>Human papillomavirus type 6 isolate 1203, complete genome</Hit_def>
  <Hit_accession>MZ617439</Hit_accession>
  <Hit_len>7994</Hit_len>
  <Hit_hsps>
    <Hsp>
      <Hsp_num>1</Hsp_num>
      <Hsp_bit-score>133.834</Hsp_bit-score>
      <Hsp_score>147</Hsp_score>
      <Hsp_evalue>2.22538e-27</Hsp_evalue>
      <Hsp_query-from>1</Hsp_query-from>
      <Hsp_query-to>76</Hsp_query-to>
      <Hsp_hit-from>454</Hsp_hit-from>
      <Hsp_hit-to>529</Hsp_hit-to>
      <Hsp_query-frame>1</Hsp_query-frame>
      <Hsp_hit-frame>1</Hsp_hit-frame>
      <Hsp_identity>75</Hsp_identity>
      <Hsp_positive>75</Hsp_positive>
      <Hsp_gaps>0</Hsp_gaps>
      <Hsp_align-len>76</Hsp_align-len>
      <Hsp_qseq>AGGATATTGTATTAGACCTGCAACCTCCAGACCCTGTAGGGTTACATTGCTATGAGCAATTAGTAGACAGCGCAGA</Hsp_qseq>
      <Hsp_hseq>AGGATATTGTATTAGACCTGCAACCTCCAGACCCTGTAGGGTTACATTGCTATGAGCAATTAGTAGACAGCTCAGA</Hsp_hseq>
      <Hsp_midline>||||||||||||||||||||||||||||||||||||||||||||||||||||||||||||||||||||||| ||||</Hsp_midline>
    </Hsp>
  </Hit_hsps>
</Hit>
<Hit>
  <Hit_num>15</Hit_num>
  <Hit_id>gi|2072436846|gb|MZ617438.1|</Hit_id>
  <Hit_def>Human papillomavirus type 6 isolate 1202, complete genome</Hit_def>
  <Hit_accession>MZ617438</Hit_accession>
  <Hit_len>7994</Hit_len>
  <Hit_hsps>
    <Hsp>
      <Hsp_num>1</Hsp_num>
      <Hsp_bit-score>133.834</Hsp_bit-score>
      <Hsp_score>147</Hsp_score>
      <Hsp_evalue>2.22538e-27</Hsp_evalue>
      <Hsp_query-from>1</Hsp_query-from>
      <Hsp_query-to>76</Hsp_query-to>
      <Hsp_hit-from>454</Hsp_hit-from>
      <Hsp_hit-to>529</Hsp_hit-to>
      <Hsp_query-frame>1</Hsp_query-frame>
      <Hsp_hit-frame>1</Hsp_hit-frame>
      <Hsp_identity>75</Hsp_identity>
      <Hsp_positive>75</Hsp_positive>
      <Hsp_gaps>0</Hsp_gaps>
      <Hsp_align-len>76</Hsp_align-len>
      <Hsp_qseq>AGGATATTGTATTAGACCTGCAACCTCCAGACCCTGTAGGGTTACATTGCTATGAGCAATTAGTAGACAGCGCAGA</Hsp_qseq>
      <Hsp_hseq>AGGATATTGTATTAGACCTGCAACCTCCAGACCCTGTAGGGTTACATTGCTATGAGCAATTAGTAGACAGCTCAGA</Hsp_hseq>
      <Hsp_midline>||||||||||||||||||||||||||||||||||||||||||||||||||||||||||||||||||||||| ||||</Hsp_midline>
    </Hsp>
  </Hit_hsps>
</Hit>
<Hit>
  <Hit_num>16</Hit_num>
  <Hit_id>gi|2072436836|gb|MZ617437.1|</Hit_id>
  <Hit_def>Human papillomavirus type 6 isolate 1187, complete genome</Hit_def>
  <Hit_accession>MZ617437</Hit_accession>
  <Hit_len>7994</Hit_len>
  <Hit_hsps>
    <Hsp>
      <Hsp_num>1</Hsp_num>
      <Hsp_bit-score>133.834</Hsp_bit-score>
      <Hsp_score>147</Hsp_score>
      <Hsp_evalue>2.22538e-27</Hsp_evalue>
      <Hsp_query-from>1</Hsp_query-from>
      <Hsp_query-to>76</Hsp_query-to>
      <Hsp_hit-from>454</Hsp_hit-from>
      <Hsp_hit-to>529</Hsp_hit-to>
      <Hsp_query-frame>1</Hsp_query-frame>
      <Hsp_hit-frame>1</Hsp_hit-frame>
      <Hsp_identity>75</Hsp_identity>
      <Hsp_positive>75</Hsp_positive>
      <Hsp_gaps>0</Hsp_gaps>
      <Hsp_align-len>76</Hsp_align-len>
      <Hsp_qseq>AGGATATTGTATTAGACCTGCAACCTCCAGACCCTGTAGGGTTACATTGCTATGAGCAATTAGTAGACAGCGCAGA</Hsp_qseq>
      <Hsp_hseq>AGGATATTGTATTAGACCTGCAACCTCCAGACCCTGTAGGGTTACATTGCTATGAGCAATTAGTAGACAGCTCAGA</Hsp_hseq>
      <Hsp_midline>||||||||||||||||||||||||||||||||||||||||||||||||||||||||||||||||||||||| ||||</Hsp_midline>
    </Hsp>
  </Hit_hsps>
</Hit>
<Hit>
  <Hit_num>17</Hit_num>
  <Hit_id>gi|2072436826|gb|MZ617436.1|</Hit_id>
  <Hit_def>Human papillomavirus type 6 isolate 1186, complete genome</Hit_def>
  <Hit_accession>MZ617436</Hit_accession>
  <Hit_len>7994</Hit_len>
  <Hit_hsps>
    <Hsp>
      <Hsp_num>1</Hsp_num>
      <Hsp_bit-score>133.834</Hsp_bit-score>
      <Hsp_score>147</Hsp_score>
      <Hsp_evalue>2.22538e-27</Hsp_evalue>
      <Hsp_query-from>1</Hsp_query-from>
      <Hsp_query-to>76</Hsp_query-to>
      <Hsp_hit-from>454</Hsp_hit-from>
      <Hsp_hit-to>529</Hsp_hit-to>
      <Hsp_query-frame>1</Hsp_query-frame>
      <Hsp_hit-frame>1</Hsp_hit-frame>
      <Hsp_identity>75</Hsp_identity>
      <Hsp_positive>75</Hsp_positive>
      <Hsp_gaps>0</Hsp_gaps>
      <Hsp_align-len>76</Hsp_align-len>
      <Hsp_qseq>AGGATATTGTATTAGACCTGCAACCTCCAGACCCTGTAGGGTTACATTGCTATGAGCAATTAGTAGACAGCGCAGA</Hsp_qseq>
      <Hsp_hseq>AGGATATTGTATTAGACCTGCAACCTCCAGACCCTGTAGGGTTACATTGCTATGAGCAATTAGTAGACAGCTCAGA</Hsp_hseq>
      <Hsp_midline>||||||||||||||||||||||||||||||||||||||||||||||||||||||||||||||||||||||| ||||</Hsp_midline>
    </Hsp>
  </Hit_hsps>
</Hit>
<Hit>
  <Hit_num>18</Hit_num>
  <Hit_id>gi|2072436816|gb|MZ617435.1|</Hit_id>
  <Hit_def>Human papillomavirus type 6 isolate 1184, complete genome</Hit_def>
  <Hit_accession>MZ617435</Hit_accession>
  <Hit_len>7994</Hit_len>
  <Hit_hsps>
    <Hsp>
      <Hsp_num>1</Hsp_num>
      <Hsp_bit-score>133.834</Hsp_bit-score>
      <Hsp_score>147</Hsp_score>
      <Hsp_evalue>2.22538e-27</Hsp_evalue>
      <Hsp_query-from>1</Hsp_query-from>
      <Hsp_query-to>76</Hsp_query-to>
      <Hsp_hit-from>454</Hsp_hit-from>
      <Hsp_hit-to>529</Hsp_hit-to>
      <Hsp_query-frame>1</Hsp_query-frame>
      <Hsp_hit-frame>1</Hsp_hit-frame>
      <Hsp_identity>75</Hsp_identity>
      <Hsp_positive>75</Hsp_positive>
      <Hsp_gaps>0</Hsp_gaps>
      <Hsp_align-len>76</Hsp_align-len>
      <Hsp_qseq>AGGATATTGTATTAGACCTGCAACCTCCAGACCCTGTAGGGTTACATTGCTATGAGCAATTAGTAGACAGCGCAGA</Hsp_qseq>
      <Hsp_hseq>AGGATATTGTATTAGACCTGCAACCTCCAGACCCTGTAGGGTTACATTGCTATGAGCAATTAGTAGACAGCTCAGA</Hsp_hseq>
      <Hsp_midline>||||||||||||||||||||||||||||||||||||||||||||||||||||||||||||||||||||||| ||||</Hsp_midline>
    </Hsp>
  </Hit_hsps>
</Hit>
<Hit>
  <Hit_num>19</Hit_num>
  <Hit_id>gi|2072436806|gb|MZ617434.1|</Hit_id>
  <Hit_def>Human papillomavirus type 6 isolate 0750, complete genome</Hit_def>
  <Hit_accession>MZ617434</Hit_accession>
  <Hit_len>7994</Hit_len>
  <Hit_hsps>
    <Hsp>
      <Hsp_num>1</Hsp_num>
      <Hsp_bit-score>133.834</Hsp_bit-score>
      <Hsp_score>147</Hsp_score>
      <Hsp_evalue>2.22538e-27</Hsp_evalue>
      <Hsp_query-from>1</Hsp_query-from>
      <Hsp_query-to>76</Hsp_query-to>
      <Hsp_hit-from>454</Hsp_hit-from>
      <Hsp_hit-to>529</Hsp_hit-to>
      <Hsp_query-frame>1</Hsp_query-frame>
      <Hsp_hit-frame>1</Hsp_hit-frame>
      <Hsp_identity>75</Hsp_identity>
      <Hsp_positive>75</Hsp_positive>
      <Hsp_gaps>0</Hsp_gaps>
      <Hsp_align-len>76</Hsp_align-len>
      <Hsp_qseq>AGGATATTGTATTAGACCTGCAACCTCCAGACCCTGTAGGGTTACATTGCTATGAGCAATTAGTAGACAGCGCAGA</Hsp_qseq>
      <Hsp_hseq>AGGATATTGTATTAGACCTGCAACCTCCAGACCCTGTAGGGTTACATTGCTATGAGCAATTAGTAGACAGCTCAGA</Hsp_hseq>
      <Hsp_midline>||||||||||||||||||||||||||||||||||||||||||||||||||||||||||||||||||||||| ||||</Hsp_midline>
    </Hsp>
  </Hit_hsps>
</Hit>
<Hit>
  <Hit_num>20</Hit_num>
  <Hit_id>gi|2072436796|gb|MZ617433.1|</Hit_id>
  <Hit_def>Human papillomavirus type 6 isolate 0740, complete genome</Hit_def>
  <Hit_accession>MZ617433</Hit_accession>
  <Hit_len>7994</Hit_len>
  <Hit_hsps>
    <Hsp>
      <Hsp_num>1</Hsp_num>
      <Hsp_bit-score>133.834</Hsp_bit-score>
      <Hsp_score>147</Hsp_score>
      <Hsp_evalue>2.22538e-27</Hsp_evalue>
      <Hsp_query-from>1</Hsp_query-from>
      <Hsp_query-to>76</Hsp_query-to>
      <Hsp_hit-from>454</Hsp_hit-from>
      <Hsp_hit-to>529</Hsp_hit-to>
      <Hsp_query-frame>1</Hsp_query-frame>
      <Hsp_hit-frame>1</Hsp_hit-frame>
      <Hsp_identity>75</Hsp_identity>
      <Hsp_positive>75</Hsp_positive>
      <Hsp_gaps>0</Hsp_gaps>
      <Hsp_align-len>76</Hsp_align-len>
      <Hsp_qseq>AGGATATTGTATTAGACCTGCAACCTCCAGACCCTGTAGGGTTACATTGCTATGAGCAATTAGTAGACAGCGCAGA</Hsp_qseq>
      <Hsp_hseq>AGGATATTGTATTAGACCTGCAACCTCCAGACCCTGTAGGGTTACATTGCTATGAGCAATTAGTAGACAGCTCAGA</Hsp_hseq>
      <Hsp_midline>||||||||||||||||||||||||||||||||||||||||||||||||||||||||||||||||||||||| ||||</Hsp_midline>
    </Hsp>
  </Hit_hsps>
</Hit>
<Hit>
  <Hit_num>21</Hit_num>
  <Hit_id>gi|2072436786|gb|MZ617432.1|</Hit_id>
  <Hit_def>Human papillomavirus type 6 isolate 0736, complete genome</Hit_def>
  <Hit_accession>MZ617432</Hit_accession>
  <Hit_len>7994</Hit_len>
  <Hit_hsps>
    <Hsp>
      <Hsp_num>1</Hsp_num>
      <Hsp_bit-score>133.834</Hsp_bit-score>
      <Hsp_score>147</Hsp_score>
      <Hsp_evalue>2.22538e-27</Hsp_evalue>
      <Hsp_query-from>1</Hsp_query-from>
      <Hsp_query-to>76</Hsp_query-to>
      <Hsp_hit-from>454</Hsp_hit-from>
      <Hsp_hit-to>529</Hsp_hit-to>
      <Hsp_query-frame>1</Hsp_query-frame>
      <Hsp_hit-frame>1</Hsp_hit-frame>
      <Hsp_identity>75</Hsp_identity>
      <Hsp_positive>75</Hsp_positive>
      <Hsp_gaps>0</Hsp_gaps>
      <Hsp_align-len>76</Hsp_align-len>
      <Hsp_qseq>AGGATATTGTATTAGACCTGCAACCTCCAGACCCTGTAGGGTTACATTGCTATGAGCAATTAGTAGACAGCGCAGA</Hsp_qseq>
      <Hsp_hseq>AGGATATTGTATTAGACCTGCAACCTCCAGACCCTGTAGGGTTACATTGCTATGAGCAATTAGTAGACAGCTCAGA</Hsp_hseq>
      <Hsp_midline>||||||||||||||||||||||||||||||||||||||||||||||||||||||||||||||||||||||| ||||</Hsp_midline>
    </Hsp>
  </Hit_hsps>
</Hit>
<Hit>
  <Hit_num>22</Hit_num>
  <Hit_id>gi|2072436776|gb|MZ617431.1|</Hit_id>
  <Hit_def>Human papillomavirus type 6 isolate 3242, complete genome</Hit_def>
  <Hit_accession>MZ617431</Hit_accession>
  <Hit_len>7994</Hit_len>
  <Hit_hsps>
    <Hsp>
      <Hsp_num>1</Hsp_num>
      <Hsp_bit-score>133.834</Hsp_bit-score>
      <Hsp_score>147</Hsp_score>
      <Hsp_evalue>2.22538e-27</Hsp_evalue>
      <Hsp_query-from>1</Hsp_query-from>
      <Hsp_query-to>76</Hsp_query-to>
      <Hsp_hit-from>454</Hsp_hit-from>
      <Hsp_hit-to>529</Hsp_hit-to>
      <Hsp_query-frame>1</Hsp_query-frame>
      <Hsp_hit-frame>1</Hsp_hit-frame>
      <Hsp_identity>75</Hsp_identity>
      <Hsp_positive>75</Hsp_positive>
      <Hsp_gaps>0</Hsp_gaps>
      <Hsp_align-len>76</Hsp_align-len>
      <Hsp_qseq>AGGATATTGTATTAGACCTGCAACCTCCAGACCCTGTAGGGTTACATTGCTATGAGCAATTAGTAGACAGCGCAGA</Hsp_qseq>
      <Hsp_hseq>AGGATATTGTATTAGACCTGCAACCTCCAGACCCTGTAGGGTTACATTGCTATGAGCAATTAGTAGACAGCTCAGA</Hsp_hseq>
      <Hsp_midline>||||||||||||||||||||||||||||||||||||||||||||||||||||||||||||||||||||||| ||||</Hsp_midline>
    </Hsp>
  </Hit_hsps>
</Hit>
<Hit>
  <Hit_num>23</Hit_num>
  <Hit_id>gi|2072436766|gb|MZ617430.1|</Hit_id>
  <Hit_def>Human papillomavirus type 6 isolate 3230, complete genome</Hit_def>
  <Hit_accession>MZ617430</Hit_accession>
  <Hit_len>8031</Hit_len>
  <Hit_hsps>
    <Hsp>
      <Hsp_num>1</Hsp_num>
      <Hsp_bit-score>133.834</Hsp_bit-score>
      <Hsp_score>147</Hsp_score>
      <Hsp_evalue>2.22538e-27</Hsp_evalue>
      <Hsp_query-from>1</Hsp_query-from>
      <Hsp_query-to>76</Hsp_query-to>
      <Hsp_hit-from>454</Hsp_hit-from>
      <Hsp_hit-to>529</Hsp_hit-to>
      <Hsp_query-frame>1</Hsp_query-frame>
      <Hsp_hit-frame>1</Hsp_hit-frame>
      <Hsp_identity>75</Hsp_identity>
      <Hsp_positive>75</Hsp_positive>
      <Hsp_gaps>0</Hsp_gaps>
      <Hsp_align-len>76</Hsp_align-len>
      <Hsp_qseq>AGGATATTGTATTAGACCTGCAACCTCCAGACCCTGTAGGGTTACATTGCTATGAGCAATTAGTAGACAGCGCAGA</Hsp_qseq>
      <Hsp_hseq>AGGATATTGTATTAGACCTGCAACCTCCAGACCCTGTAGGGTTACATTGCTATGAGCAATTAGTAGACAGCTCAGA</Hsp_hseq>
      <Hsp_midline>||||||||||||||||||||||||||||||||||||||||||||||||||||||||||||||||||||||| ||||</Hsp_midline>
    </Hsp>
  </Hit_hsps>
</Hit>
<Hit>
  <Hit_num>24</Hit_num>
  <Hit_id>gi|2072436756|gb|MZ617429.1|</Hit_id>
  <Hit_def>Human papillomavirus type 6 isolate 2105, complete genome</Hit_def>
  <Hit_accession>MZ617429</Hit_accession>
  <Hit_len>8031</Hit_len>
  <Hit_hsps>
    <Hsp>
      <Hsp_num>1</Hsp_num>
      <Hsp_bit-score>133.834</Hsp_bit-score>
      <Hsp_score>147</Hsp_score>
      <Hsp_evalue>2.22538e-27</Hsp_evalue>
      <Hsp_query-from>1</Hsp_query-from>
      <Hsp_query-to>76</Hsp_query-to>
      <Hsp_hit-from>454</Hsp_hit-from>
      <Hsp_hit-to>529</Hsp_hit-to>
      <Hsp_query-frame>1</Hsp_query-frame>
      <Hsp_hit-frame>1</Hsp_hit-frame>
      <Hsp_identity>75</Hsp_identity>
      <Hsp_positive>75</Hsp_positive>
      <Hsp_gaps>0</Hsp_gaps>
      <Hsp_align-len>76</Hsp_align-len>
      <Hsp_qseq>AGGATATTGTATTAGACCTGCAACCTCCAGACCCTGTAGGGTTACATTGCTATGAGCAATTAGTAGACAGCGCAGA</Hsp_qseq>
      <Hsp_hseq>AGGATATTGTATTAGACCTGCAACCTCCAGACCCTGTAGGGTTACATTGCTATGAGCAATTAGTAGACAGCTCAGA</Hsp_hseq>
      <Hsp_midline>||||||||||||||||||||||||||||||||||||||||||||||||||||||||||||||||||||||| ||||</Hsp_midline>
    </Hsp>
  </Hit_hsps>
</Hit>
<Hit>
  <Hit_num>25</Hit_num>
  <Hit_id>gi|2072436746|gb|MZ617428.1|</Hit_id>
  <Hit_def>Human papillomavirus type 6 isolate 2096, complete genome</Hit_def>
  <Hit_accession>MZ617428</Hit_accession>
  <Hit_len>7994</Hit_len>
  <Hit_hsps>
    <Hsp>
      <Hsp_num>1</Hsp_num>
      <Hsp_bit-score>133.834</Hsp_bit-score>
      <Hsp_score>147</Hsp_score>
      <Hsp_evalue>2.22538e-27</Hsp_evalue>
      <Hsp_query-from>1</Hsp_query-from>
      <Hsp_query-to>76</Hsp_query-to>
      <Hsp_hit-from>454</Hsp_hit-from>
      <Hsp_hit-to>529</Hsp_hit-to>
      <Hsp_query-frame>1</Hsp_query-frame>
      <Hsp_hit-frame>1</Hsp_hit-frame>
      <Hsp_identity>75</Hsp_identity>
      <Hsp_positive>75</Hsp_positive>
      <Hsp_gaps>0</Hsp_gaps>
      <Hsp_align-len>76</Hsp_align-len>
      <Hsp_qseq>AGGATATTGTATTAGACCTGCAACCTCCAGACCCTGTAGGGTTACATTGCTATGAGCAATTAGTAGACAGCGCAGA</Hsp_qseq>
      <Hsp_hseq>AGGATATTGTATTAGACCTGCAACCTCCAGACCCTGTAGGGTTACATTGCTATGAGCAATTAGTAGACAGCTCAGA</Hsp_hseq>
      <Hsp_midline>||||||||||||||||||||||||||||||||||||||||||||||||||||||||||||||||||||||| ||||</Hsp_midline>
    </Hsp>
  </Hit_hsps>
</Hit>
<Hit>
  <Hit_num>26</Hit_num>
  <Hit_id>gi|2072436736|gb|MZ617427.1|</Hit_id>
  <Hit_def>Human papillomavirus type 6 isolate 2090, complete genome</Hit_def>
  <Hit_accession>MZ617427</Hit_accession>
  <Hit_len>8031</Hit_len>
  <Hit_hsps>
    <Hsp>
      <Hsp_num>1</Hsp_num>
      <Hsp_bit-score>133.834</Hsp_bit-score>
      <Hsp_score>147</Hsp_score>
      <Hsp_evalue>2.22538e-27</Hsp_evalue>
      <Hsp_query-from>1</Hsp_query-from>
      <Hsp_query-to>76</Hsp_query-to>
      <Hsp_hit-from>454</Hsp_hit-from>
      <Hsp_hit-to>529</Hsp_hit-to>
      <Hsp_query-frame>1</Hsp_query-frame>
      <Hsp_hit-frame>1</Hsp_hit-frame>
      <Hsp_identity>75</Hsp_identity>
      <Hsp_positive>75</Hsp_positive>
      <Hsp_gaps>0</Hsp_gaps>
      <Hsp_align-len>76</Hsp_align-len>
      <Hsp_qseq>AGGATATTGTATTAGACCTGCAACCTCCAGACCCTGTAGGGTTACATTGCTATGAGCAATTAGTAGACAGCGCAGA</Hsp_qseq>
      <Hsp_hseq>AGGATATTGTATTAGACCTGCAACCTCCAGACCCTGTAGGGTTACATTGCTATGAGCAATTAGTAGACAGCTCAGA</Hsp_hseq>
      <Hsp_midline>||||||||||||||||||||||||||||||||||||||||||||||||||||||||||||||||||||||| ||||</Hsp_midline>
    </Hsp>
  </Hit_hsps>
</Hit>
<Hit>
  <Hit_num>27</Hit_num>
  <Hit_id>gi|2072436726|gb|MZ617426.1|</Hit_id>
  <Hit_def>Human papillomavirus type 6 isolate 1374, complete genome</Hit_def>
  <Hit_accession>MZ617426</Hit_accession>
  <Hit_len>8031</Hit_len>
  <Hit_hsps>
    <Hsp>
      <Hsp_num>1</Hsp_num>
      <Hsp_bit-score>133.834</Hsp_bit-score>
      <Hsp_score>147</Hsp_score>
      <Hsp_evalue>2.22538e-27</Hsp_evalue>
      <Hsp_query-from>1</Hsp_query-from>
      <Hsp_query-to>76</Hsp_query-to>
      <Hsp_hit-from>454</Hsp_hit-from>
      <Hsp_hit-to>529</Hsp_hit-to>
      <Hsp_query-frame>1</Hsp_query-frame>
      <Hsp_hit-frame>1</Hsp_hit-frame>
      <Hsp_identity>75</Hsp_identity>
      <Hsp_positive>75</Hsp_positive>
      <Hsp_gaps>0</Hsp_gaps>
      <Hsp_align-len>76</Hsp_align-len>
      <Hsp_qseq>AGGATATTGTATTAGACCTGCAACCTCCAGACCCTGTAGGGTTACATTGCTATGAGCAATTAGTAGACAGCGCAGA</Hsp_qseq>
      <Hsp_hseq>AGGATATTGTATTAGACCTGCAACCTCCAGACCCTGTAGGGTTACATTGCTATGAGCAATTAGTAGACAGCTCAGA</Hsp_hseq>
      <Hsp_midline>||||||||||||||||||||||||||||||||||||||||||||||||||||||||||||||||||||||| ||||</Hsp_midline>
    </Hsp>
  </Hit_hsps>
</Hit>
<Hit>
  <Hit_num>28</Hit_num>
  <Hit_id>gi|2072436716|gb|MZ617425.1|</Hit_id>
  <Hit_def>Human papillomavirus type 6 isolate 1371, complete genome</Hit_def>
  <Hit_accession>MZ617425</Hit_accession>
  <Hit_len>8031</Hit_len>
  <Hit_hsps>
    <Hsp>
      <Hsp_num>1</Hsp_num>
      <Hsp_bit-score>133.834</Hsp_bit-score>
      <Hsp_score>147</Hsp_score>
      <Hsp_evalue>2.22538e-27</Hsp_evalue>
      <Hsp_query-from>1</Hsp_query-from>
      <Hsp_query-to>76</Hsp_query-to>
      <Hsp_hit-from>454</Hsp_hit-from>
      <Hsp_hit-to>529</Hsp_hit-to>
      <Hsp_query-frame>1</Hsp_query-frame>
      <Hsp_hit-frame>1</Hsp_hit-frame>
      <Hsp_identity>75</Hsp_identity>
      <Hsp_positive>75</Hsp_positive>
      <Hsp_gaps>0</Hsp_gaps>
      <Hsp_align-len>76</Hsp_align-len>
      <Hsp_qseq>AGGATATTGTATTAGACCTGCAACCTCCAGACCCTGTAGGGTTACATTGCTATGAGCAATTAGTAGACAGCGCAGA</Hsp_qseq>
      <Hsp_hseq>AGGATATTGTATTAGACCTGCAACCTCCAGACCCTGTAGGGTTACATTGCTATGAGCAATTAGTAGACAGCTCAGA</Hsp_hseq>
      <Hsp_midline>||||||||||||||||||||||||||||||||||||||||||||||||||||||||||||||||||||||| ||||</Hsp_midline>
    </Hsp>
  </Hit_hsps>
</Hit>
<Hit>
  <Hit_num>29</Hit_num>
  <Hit_id>gi|2072436706|gb|MZ617424.1|</Hit_id>
  <Hit_def>Human papillomavirus type 6 isolate 1370, complete genome</Hit_def>
  <Hit_accession>MZ617424</Hit_accession>
  <Hit_len>7994</Hit_len>
  <Hit_hsps>
    <Hsp>
      <Hsp_num>1</Hsp_num>
      <Hsp_bit-score>133.834</Hsp_bit-score>
      <Hsp_score>147</Hsp_score>
      <Hsp_evalue>2.22538e-27</Hsp_evalue>
      <Hsp_query-from>1</Hsp_query-from>
      <Hsp_query-to>76</Hsp_query-to>
      <Hsp_hit-from>454</Hsp_hit-from>
      <Hsp_hit-to>529</Hsp_hit-to>
      <Hsp_query-frame>1</Hsp_query-frame>
      <Hsp_hit-frame>1</Hsp_hit-frame>
      <Hsp_identity>75</Hsp_identity>
      <Hsp_positive>75</Hsp_positive>
      <Hsp_gaps>0</Hsp_gaps>
      <Hsp_align-len>76</Hsp_align-len>
      <Hsp_qseq>AGGATATTGTATTAGACCTGCAACCTCCAGACCCTGTAGGGTTACATTGCTATGAGCAATTAGTAGACAGCGCAGA</Hsp_qseq>
      <Hsp_hseq>AGGATATTGTATTAGACCTGCAACCTCCAGACCCTGTAGGGTTACATTGCTATGAGCAATTAGTAGACAGCTCAGA</Hsp_hseq>
      <Hsp_midline>||||||||||||||||||||||||||||||||||||||||||||||||||||||||||||||||||||||| ||||</Hsp_midline>
    </Hsp>
  </Hit_hsps>
</Hit>
<Hit>
  <Hit_num>30</Hit_num>
  <Hit_id>gi|2072436696|gb|MZ617423.1|</Hit_id>
  <Hit_def>Human papillomavirus type 6 isolate 1367, complete genome</Hit_def>
  <Hit_accession>MZ617423</Hit_accession>
  <Hit_len>8031</Hit_len>
  <Hit_hsps>
    <Hsp>
      <Hsp_num>1</Hsp_num>
      <Hsp_bit-score>133.834</Hsp_bit-score>
      <Hsp_score>147</Hsp_score>
      <Hsp_evalue>2.22538e-27</Hsp_evalue>
      <Hsp_query-from>1</Hsp_query-from>
      <Hsp_query-to>76</Hsp_query-to>
      <Hsp_hit-from>454</Hsp_hit-from>
      <Hsp_hit-to>529</Hsp_hit-to>
      <Hsp_query-frame>1</Hsp_query-frame>
      <Hsp_hit-frame>1</Hsp_hit-frame>
      <Hsp_identity>75</Hsp_identity>
      <Hsp_positive>75</Hsp_positive>
      <Hsp_gaps>0</Hsp_gaps>
      <Hsp_align-len>76</Hsp_align-len>
      <Hsp_qseq>AGGATATTGTATTAGACCTGCAACCTCCAGACCCTGTAGGGTTACATTGCTATGAGCAATTAGTAGACAGCGCAGA</Hsp_qseq>
      <Hsp_hseq>AGGATATTGTATTAGACCTGCAACCTCCAGACCCTGTAGGGTTACATTGCTATGAGCAATTAGTAGACAGCTCAGA</Hsp_hseq>
      <Hsp_midline>||||||||||||||||||||||||||||||||||||||||||||||||||||||||||||||||||||||| ||||</Hsp_midline>
    </Hsp>
  </Hit_hsps>
</Hit>
<Hit>
  <Hit_num>31</Hit_num>
  <Hit_id>gi|2072436686|gb|MZ617422.1|</Hit_id>
  <Hit_def>Human papillomavirus type 6 isolate 1362, complete genome</Hit_def>
  <Hit_accession>MZ617422</Hit_accession>
  <Hit_len>8031</Hit_len>
  <Hit_hsps>
    <Hsp>
      <Hsp_num>1</Hsp_num>
      <Hsp_bit-score>133.834</Hsp_bit-score>
      <Hsp_score>147</Hsp_score>
      <Hsp_evalue>2.22538e-27</Hsp_evalue>
      <Hsp_query-from>1</Hsp_query-from>
      <Hsp_query-to>76</Hsp_query-to>
      <Hsp_hit-from>454</Hsp_hit-from>
      <Hsp_hit-to>529</Hsp_hit-to>
      <Hsp_query-frame>1</Hsp_query-frame>
      <Hsp_hit-frame>1</Hsp_hit-frame>
      <Hsp_identity>75</Hsp_identity>
      <Hsp_positive>75</Hsp_positive>
      <Hsp_gaps>0</Hsp_gaps>
      <Hsp_align-len>76</Hsp_align-len>
      <Hsp_qseq>AGGATATTGTATTAGACCTGCAACCTCCAGACCCTGTAGGGTTACATTGCTATGAGCAATTAGTAGACAGCGCAGA</Hsp_qseq>
      <Hsp_hseq>AGGATATTGTATTAGACCTGCAACCTCCAGACCCTGTAGGGTTACATTGCTATGAGCAATTAGTAGACAGCTCAGA</Hsp_hseq>
      <Hsp_midline>||||||||||||||||||||||||||||||||||||||||||||||||||||||||||||||||||||||| ||||</Hsp_midline>
    </Hsp>
  </Hit_hsps>
</Hit>
<Hit>
  <Hit_num>32</Hit_num>
  <Hit_id>gi|2072436676|gb|MZ617421.1|</Hit_id>
  <Hit_def>Human papillomavirus type 6 isolate 1357, complete genome</Hit_def>
  <Hit_accession>MZ617421</Hit_accession>
  <Hit_len>7994</Hit_len>
  <Hit_hsps>
    <Hsp>
      <Hsp_num>1</Hsp_num>
      <Hsp_bit-score>133.834</Hsp_bit-score>
      <Hsp_score>147</Hsp_score>
      <Hsp_evalue>2.22538e-27</Hsp_evalue>
      <Hsp_query-from>1</Hsp_query-from>
      <Hsp_query-to>76</Hsp_query-to>
      <Hsp_hit-from>454</Hsp_hit-from>
      <Hsp_hit-to>529</Hsp_hit-to>
      <Hsp_query-frame>1</Hsp_query-frame>
      <Hsp_hit-frame>1</Hsp_hit-frame>
      <Hsp_identity>75</Hsp_identity>
      <Hsp_positive>75</Hsp_positive>
      <Hsp_gaps>0</Hsp_gaps>
      <Hsp_align-len>76</Hsp_align-len>
      <Hsp_qseq>AGGATATTGTATTAGACCTGCAACCTCCAGACCCTGTAGGGTTACATTGCTATGAGCAATTAGTAGACAGCGCAGA</Hsp_qseq>
      <Hsp_hseq>AGGATATTGTATTAGACCTGCAACCTCCAGACCCTGTAGGGTTACATTGCTATGAGCAATTAGTAGACAGCTCAGA</Hsp_hseq>
      <Hsp_midline>||||||||||||||||||||||||||||||||||||||||||||||||||||||||||||||||||||||| ||||</Hsp_midline>
    </Hsp>
  </Hit_hsps>
</Hit>
<Hit>
  <Hit_num>33</Hit_num>
  <Hit_id>gi|2072436666|gb|MZ617420.1|</Hit_id>
  <Hit_def>Human papillomavirus type 6 isolate 1355, complete genome</Hit_def>
  <Hit_accession>MZ617420</Hit_accession>
  <Hit_len>8031</Hit_len>
  <Hit_hsps>
    <Hsp>
      <Hsp_num>1</Hsp_num>
      <Hsp_bit-score>133.834</Hsp_bit-score>
      <Hsp_score>147</Hsp_score>
      <Hsp_evalue>2.22538e-27</Hsp_evalue>
      <Hsp_query-from>1</Hsp_query-from>
      <Hsp_query-to>76</Hsp_query-to>
      <Hsp_hit-from>454</Hsp_hit-from>
      <Hsp_hit-to>529</Hsp_hit-to>
      <Hsp_query-frame>1</Hsp_query-frame>
      <Hsp_hit-frame>1</Hsp_hit-frame>
      <Hsp_identity>75</Hsp_identity>
      <Hsp_positive>75</Hsp_positive>
      <Hsp_gaps>0</Hsp_gaps>
      <Hsp_align-len>76</Hsp_align-len>
      <Hsp_qseq>AGGATATTGTATTAGACCTGCAACCTCCAGACCCTGTAGGGTTACATTGCTATGAGCAATTAGTAGACAGCGCAGA</Hsp_qseq>
      <Hsp_hseq>AGGATATTGTATTAGACCTGCAACCTCCAGACCCTGTAGGGTTACATTGCTATGAGCAATTAGTAGACAGCTCAGA</Hsp_hseq>
      <Hsp_midline>||||||||||||||||||||||||||||||||||||||||||||||||||||||||||||||||||||||| ||||</Hsp_midline>
    </Hsp>
  </Hit_hsps>
</Hit>
<Hit>
  <Hit_num>34</Hit_num>
  <Hit_id>gi|2072436656|gb|MZ617419.1|</Hit_id>
  <Hit_def>Human papillomavirus type 6 isolate 1352, complete genome</Hit_def>
  <Hit_accession>MZ617419</Hit_accession>
  <Hit_len>8031</Hit_len>
  <Hit_hsps>
    <Hsp>
      <Hsp_num>1</Hsp_num>
      <Hsp_bit-score>133.834</Hsp_bit-score>
      <Hsp_score>147</Hsp_score>
      <Hsp_evalue>2.22538e-27</Hsp_evalue>
      <Hsp_query-from>1</Hsp_query-from>
      <Hsp_query-to>76</Hsp_query-to>
      <Hsp_hit-from>454</Hsp_hit-from>
      <Hsp_hit-to>529</Hsp_hit-to>
      <Hsp_query-frame>1</Hsp_query-frame>
      <Hsp_hit-frame>1</Hsp_hit-frame>
      <Hsp_identity>75</Hsp_identity>
      <Hsp_positive>75</Hsp_positive>
      <Hsp_gaps>0</Hsp_gaps>
      <Hsp_align-len>76</Hsp_align-len>
      <Hsp_qseq>AGGATATTGTATTAGACCTGCAACCTCCAGACCCTGTAGGGTTACATTGCTATGAGCAATTAGTAGACAGCGCAGA</Hsp_qseq>
      <Hsp_hseq>AGGATATTGTATTAGACCTGCAACCTCCAGACCCTGTAGGGTTACATTGCTATGAGCAATTAGTAGACAGCTCAGA</Hsp_hseq>
      <Hsp_midline>||||||||||||||||||||||||||||||||||||||||||||||||||||||||||||||||||||||| ||||</Hsp_midline>
    </Hsp>
  </Hit_hsps>
</Hit>
<Hit>
  <Hit_num>35</Hit_num>
  <Hit_id>gi|2072436646|gb|MZ617418.1|</Hit_id>
  <Hit_def>Human papillomavirus type 6 isolate 1347, complete genome</Hit_def>
  <Hit_accession>MZ617418</Hit_accession>
  <Hit_len>8031</Hit_len>
  <Hit_hsps>
    <Hsp>
      <Hsp_num>1</Hsp_num>
      <Hsp_bit-score>133.834</Hsp_bit-score>
      <Hsp_score>147</Hsp_score>
      <Hsp_evalue>2.22538e-27</Hsp_evalue>
      <Hsp_query-from>1</Hsp_query-from>
      <Hsp_query-to>76</Hsp_query-to>
      <Hsp_hit-from>454</Hsp_hit-from>
      <Hsp_hit-to>529</Hsp_hit-to>
      <Hsp_query-frame>1</Hsp_query-frame>
      <Hsp_hit-frame>1</Hsp_hit-frame>
      <Hsp_identity>75</Hsp_identity>
      <Hsp_positive>75</Hsp_positive>
      <Hsp_gaps>0</Hsp_gaps>
      <Hsp_align-len>76</Hsp_align-len>
      <Hsp_qseq>AGGATATTGTATTAGACCTGCAACCTCCAGACCCTGTAGGGTTACATTGCTATGAGCAATTAGTAGACAGCGCAGA</Hsp_qseq>
      <Hsp_hseq>AGGATATTGTATTAGACCTGCAACCTCCAGACCCTGTAGGGTTACATTGCTATGAGCAATTAGTAGACAGCTCAGA</Hsp_hseq>
      <Hsp_midline>||||||||||||||||||||||||||||||||||||||||||||||||||||||||||||||||||||||| ||||</Hsp_midline>
    </Hsp>
  </Hit_hsps>
</Hit>
<Hit>
  <Hit_num>36</Hit_num>
  <Hit_id>gi|2072436636|gb|MZ617417.1|</Hit_id>
  <Hit_def>Human papillomavirus type 6 isolate 1345, complete genome</Hit_def>
  <Hit_accession>MZ617417</Hit_accession>
  <Hit_len>8031</Hit_len>
  <Hit_hsps>
    <Hsp>
      <Hsp_num>1</Hsp_num>
      <Hsp_bit-score>133.834</Hsp_bit-score>
      <Hsp_score>147</Hsp_score>
      <Hsp_evalue>2.22538e-27</Hsp_evalue>
      <Hsp_query-from>1</Hsp_query-from>
      <Hsp_query-to>76</Hsp_query-to>
      <Hsp_hit-from>454</Hsp_hit-from>
      <Hsp_hit-to>529</Hsp_hit-to>
      <Hsp_query-frame>1</Hsp_query-frame>
      <Hsp_hit-frame>1</Hsp_hit-frame>
      <Hsp_identity>75</Hsp_identity>
      <Hsp_positive>75</Hsp_positive>
      <Hsp_gaps>0</Hsp_gaps>
      <Hsp_align-len>76</Hsp_align-len>
      <Hsp_qseq>AGGATATTGTATTAGACCTGCAACCTCCAGACCCTGTAGGGTTACATTGCTATGAGCAATTAGTAGACAGCGCAGA</Hsp_qseq>
      <Hsp_hseq>AGGATATTGTATTAGACCTGCAACCTCCAGACCCTGTAGGGTTACATTGCTATGAGCAATTAGTAGACAGCTCAGA</Hsp_hseq>
      <Hsp_midline>||||||||||||||||||||||||||||||||||||||||||||||||||||||||||||||||||||||| ||||</Hsp_midline>
    </Hsp>
  </Hit_hsps>
</Hit>
<Hit>
  <Hit_num>37</Hit_num>
  <Hit_id>gi|2072436626|gb|MZ617416.1|</Hit_id>
  <Hit_def>Human papillomavirus type 6 isolate 1344, complete genome</Hit_def>
  <Hit_accession>MZ617416</Hit_accession>
  <Hit_len>8031</Hit_len>
  <Hit_hsps>
    <Hsp>
      <Hsp_num>1</Hsp_num>
      <Hsp_bit-score>133.834</Hsp_bit-score>
      <Hsp_score>147</Hsp_score>
      <Hsp_evalue>2.22538e-27</Hsp_evalue>
      <Hsp_query-from>1</Hsp_query-from>
      <Hsp_query-to>76</Hsp_query-to>
      <Hsp_hit-from>454</Hsp_hit-from>
      <Hsp_hit-to>529</Hsp_hit-to>
      <Hsp_query-frame>1</Hsp_query-frame>
      <Hsp_hit-frame>1</Hsp_hit-frame>
      <Hsp_identity>75</Hsp_identity>
      <Hsp_positive>75</Hsp_positive>
      <Hsp_gaps>0</Hsp_gaps>
      <Hsp_align-len>76</Hsp_align-len>
      <Hsp_qseq>AGGATATTGTATTAGACCTGCAACCTCCAGACCCTGTAGGGTTACATTGCTATGAGCAATTAGTAGACAGCGCAGA</Hsp_qseq>
      <Hsp_hseq>AGGATATTGTATTAGACCTGCAACCTCCAGACCCTGTAGGGTTACATTGCTATGAGCAATTAGTAGACAGCTCAGA</Hsp_hseq>
      <Hsp_midline>||||||||||||||||||||||||||||||||||||||||||||||||||||||||||||||||||||||| ||||</Hsp_midline>
    </Hsp>
  </Hit_hsps>
</Hit>
<Hit>
  <Hit_num>38</Hit_num>
  <Hit_id>gi|2072436616|gb|MZ617415.1|</Hit_id>
  <Hit_def>Human papillomavirus type 6 isolate 1343, complete genome</Hit_def>
  <Hit_accession>MZ617415</Hit_accession>
  <Hit_len>8031</Hit_len>
  <Hit_hsps>
    <Hsp>
      <Hsp_num>1</Hsp_num>
      <Hsp_bit-score>133.834</Hsp_bit-score>
      <Hsp_score>147</Hsp_score>
      <Hsp_evalue>2.22538e-27</Hsp_evalue>
      <Hsp_query-from>1</Hsp_query-from>
      <Hsp_query-to>76</Hsp_query-to>
      <Hsp_hit-from>454</Hsp_hit-from>
      <Hsp_hit-to>529</Hsp_hit-to>
      <Hsp_query-frame>1</Hsp_query-frame>
      <Hsp_hit-frame>1</Hsp_hit-frame>
      <Hsp_identity>75</Hsp_identity>
      <Hsp_positive>75</Hsp_positive>
      <Hsp_gaps>0</Hsp_gaps>
      <Hsp_align-len>76</Hsp_align-len>
      <Hsp_qseq>AGGATATTGTATTAGACCTGCAACCTCCAGACCCTGTAGGGTTACATTGCTATGAGCAATTAGTAGACAGCGCAGA</Hsp_qseq>
      <Hsp_hseq>AGGATATTGTATTAGACCTGCAACCTCCAGACCCTGTAGGGTTACATTGCTATGAGCAATTAGTAGACAGCTCAGA</Hsp_hseq>
      <Hsp_midline>||||||||||||||||||||||||||||||||||||||||||||||||||||||||||||||||||||||| ||||</Hsp_midline>
    </Hsp>
  </Hit_hsps>
</Hit>
<Hit>
  <Hit_num>39</Hit_num>
  <Hit_id>gi|2072436606|gb|MZ617414.1|</Hit_id>
  <Hit_def>Human papillomavirus type 6 isolate 1324, complete genome</Hit_def>
  <Hit_accession>MZ617414</Hit_accession>
  <Hit_len>7994</Hit_len>
  <Hit_hsps>
    <Hsp>
      <Hsp_num>1</Hsp_num>
      <Hsp_bit-score>133.834</Hsp_bit-score>
      <Hsp_score>147</Hsp_score>
      <Hsp_evalue>2.22538e-27</Hsp_evalue>
      <Hsp_query-from>1</Hsp_query-from>
      <Hsp_query-to>76</Hsp_query-to>
      <Hsp_hit-from>454</Hsp_hit-from>
      <Hsp_hit-to>529</Hsp_hit-to>
      <Hsp_query-frame>1</Hsp_query-frame>
      <Hsp_hit-frame>1</Hsp_hit-frame>
      <Hsp_identity>75</Hsp_identity>
      <Hsp_positive>75</Hsp_positive>
      <Hsp_gaps>0</Hsp_gaps>
      <Hsp_align-len>76</Hsp_align-len>
      <Hsp_qseq>AGGATATTGTATTAGACCTGCAACCTCCAGACCCTGTAGGGTTACATTGCTATGAGCAATTAGTAGACAGCGCAGA</Hsp_qseq>
      <Hsp_hseq>AGGATATTGTATTAGACCTGCAACCTCCAGACCCTGTAGGGTTACATTGCTATGAGCAATTAGTAGACAGCTCAGA</Hsp_hseq>
      <Hsp_midline>||||||||||||||||||||||||||||||||||||||||||||||||||||||||||||||||||||||| ||||</Hsp_midline>
    </Hsp>
  </Hit_hsps>
</Hit>
<Hit>
  <Hit_num>40</Hit_num>
  <Hit_id>gi|2072436596|gb|MZ617413.1|</Hit_id>
  <Hit_def>Human papillomavirus type 6 isolate 1240, complete genome</Hit_def>
  <Hit_accession>MZ617413</Hit_accession>
  <Hit_len>8010</Hit_len>
  <Hit_hsps>
    <Hsp>
      <Hsp_num>1</Hsp_num>
      <Hsp_bit-score>133.834</Hsp_bit-score>
      <Hsp_score>147</Hsp_score>
      <Hsp_evalue>2.22538e-27</Hsp_evalue>
      <Hsp_query-from>1</Hsp_query-from>
      <Hsp_query-to>76</Hsp_query-to>
      <Hsp_hit-from>454</Hsp_hit-from>
      <Hsp_hit-to>529</Hsp_hit-to>
      <Hsp_query-frame>1</Hsp_query-frame>
      <Hsp_hit-frame>1</Hsp_hit-frame>
      <Hsp_identity>75</Hsp_identity>
      <Hsp_positive>75</Hsp_positive>
      <Hsp_gaps>0</Hsp_gaps>
      <Hsp_align-len>76</Hsp_align-len>
      <Hsp_qseq>AGGATATTGTATTAGACCTGCAACCTCCAGACCCTGTAGGGTTACATTGCTATGAGCAATTAGTAGACAGCGCAGA</Hsp_qseq>
      <Hsp_hseq>AGGATATTGTATTAGACCTGCAACCTCCAGACCCTGTAGGGTTACATTGCTATGAGCAATTAGTAGACAGCTCAGA</Hsp_hseq>
      <Hsp_midline>||||||||||||||||||||||||||||||||||||||||||||||||||||||||||||||||||||||| ||||</Hsp_midline>
    </Hsp>
  </Hit_hsps>
</Hit>
<Hit>
  <Hit_num>41</Hit_num>
  <Hit_id>gi|2072436586|gb|MZ617412.1|</Hit_id>
  <Hit_def>Human papillomavirus type 6 isolate 1239, complete genome</Hit_def>
  <Hit_accession>MZ617412</Hit_accession>
  <Hit_len>7994</Hit_len>
  <Hit_hsps>
    <Hsp>
      <Hsp_num>1</Hsp_num>
      <Hsp_bit-score>133.834</Hsp_bit-score>
      <Hsp_score>147</Hsp_score>
      <Hsp_evalue>2.22538e-27</Hsp_evalue>
      <Hsp_query-from>1</Hsp_query-from>
      <Hsp_query-to>76</Hsp_query-to>
      <Hsp_hit-from>454</Hsp_hit-from>
      <Hsp_hit-to>529</Hsp_hit-to>
      <Hsp_query-frame>1</Hsp_query-frame>
      <Hsp_hit-frame>1</Hsp_hit-frame>
      <Hsp_identity>75</Hsp_identity>
      <Hsp_positive>75</Hsp_positive>
      <Hsp_gaps>0</Hsp_gaps>
      <Hsp_align-len>76</Hsp_align-len>
      <Hsp_qseq>AGGATATTGTATTAGACCTGCAACCTCCAGACCCTGTAGGGTTACATTGCTATGAGCAATTAGTAGACAGCGCAGA</Hsp_qseq>
      <Hsp_hseq>AGGATATTGTATTAGACCTGCAACCTCCAGACCCTGTAGGGTTACATTGCTATGAGCAATTAGTAGACAGCTCAGA</Hsp_hseq>
      <Hsp_midline>||||||||||||||||||||||||||||||||||||||||||||||||||||||||||||||||||||||| ||||</Hsp_midline>
    </Hsp>
  </Hit_hsps>
</Hit>
<Hit>
  <Hit_num>42</Hit_num>
  <Hit_id>gi|2072436576|gb|MZ617411.1|</Hit_id>
  <Hit_def>Human papillomavirus type 6 isolate 1234, complete genome</Hit_def>
  <Hit_accession>MZ617411</Hit_accession>
  <Hit_len>8031</Hit_len>
  <Hit_hsps>
    <Hsp>
      <Hsp_num>1</Hsp_num>
      <Hsp_bit-score>133.834</Hsp_bit-score>
      <Hsp_score>147</Hsp_score>
      <Hsp_evalue>2.22538e-27</Hsp_evalue>
      <Hsp_query-from>1</Hsp_query-from>
      <Hsp_query-to>76</Hsp_query-to>
      <Hsp_hit-from>454</Hsp_hit-from>
      <Hsp_hit-to>529</Hsp_hit-to>
      <Hsp_query-frame>1</Hsp_query-frame>
      <Hsp_hit-frame>1</Hsp_hit-frame>
      <Hsp_identity>75</Hsp_identity>
      <Hsp_positive>75</Hsp_positive>
      <Hsp_gaps>0</Hsp_gaps>
      <Hsp_align-len>76</Hsp_align-len>
      <Hsp_qseq>AGGATATTGTATTAGACCTGCAACCTCCAGACCCTGTAGGGTTACATTGCTATGAGCAATTAGTAGACAGCGCAGA</Hsp_qseq>
      <Hsp_hseq>AGGATATTGTATTAGACCTGCAACCTCCAGACCCTGTAGGGTTACATTGCTATGAGCAATTAGTAGACAGCTCAGA</Hsp_hseq>
      <Hsp_midline>||||||||||||||||||||||||||||||||||||||||||||||||||||||||||||||||||||||| ||||</Hsp_midline>
    </Hsp>
  </Hit_hsps>
</Hit>
<Hit>
  <Hit_num>43</Hit_num>
  <Hit_id>gi|2072436566|gb|MZ617410.1|</Hit_id>
  <Hit_def>Human papillomavirus type 6 isolate 1231, complete genome</Hit_def>
  <Hit_accession>MZ617410</Hit_accession>
  <Hit_len>8031</Hit_len>
  <Hit_hsps>
    <Hsp>
      <Hsp_num>1</Hsp_num>
      <Hsp_bit-score>133.834</Hsp_bit-score>
      <Hsp_score>147</Hsp_score>
      <Hsp_evalue>2.22538e-27</Hsp_evalue>
      <Hsp_query-from>1</Hsp_query-from>
      <Hsp_query-to>76</Hsp_query-to>
      <Hsp_hit-from>454</Hsp_hit-from>
      <Hsp_hit-to>529</Hsp_hit-to>
      <Hsp_query-frame>1</Hsp_query-frame>
      <Hsp_hit-frame>1</Hsp_hit-frame>
      <Hsp_identity>75</Hsp_identity>
      <Hsp_positive>75</Hsp_positive>
      <Hsp_gaps>0</Hsp_gaps>
      <Hsp_align-len>76</Hsp_align-len>
      <Hsp_qseq>AGGATATTGTATTAGACCTGCAACCTCCAGACCCTGTAGGGTTACATTGCTATGAGCAATTAGTAGACAGCGCAGA</Hsp_qseq>
      <Hsp_hseq>AGGATATTGTATTAGACCTGCAACCTCCAGACCCTGTAGGGTTACATTGCTATGAGCAATTAGTAGACAGCTCAGA</Hsp_hseq>
      <Hsp_midline>||||||||||||||||||||||||||||||||||||||||||||||||||||||||||||||||||||||| ||||</Hsp_midline>
    </Hsp>
  </Hit_hsps>
</Hit>
<Hit>
  <Hit_num>44</Hit_num>
  <Hit_id>gi|2072436556|gb|MZ617409.1|</Hit_id>
  <Hit_def>Human papillomavirus type 6 isolate 1230, complete genome</Hit_def>
  <Hit_accession>MZ617409</Hit_accession>
  <Hit_len>8031</Hit_len>
  <Hit_hsps>
    <Hsp>
      <Hsp_num>1</Hsp_num>
      <Hsp_bit-score>133.834</Hsp_bit-score>
      <Hsp_score>147</Hsp_score>
      <Hsp_evalue>2.22538e-27</Hsp_evalue>
      <Hsp_query-from>1</Hsp_query-from>
      <Hsp_query-to>76</Hsp_query-to>
      <Hsp_hit-from>454</Hsp_hit-from>
      <Hsp_hit-to>529</Hsp_hit-to>
      <Hsp_query-frame>1</Hsp_query-frame>
      <Hsp_hit-frame>1</Hsp_hit-frame>
      <Hsp_identity>75</Hsp_identity>
      <Hsp_positive>75</Hsp_positive>
      <Hsp_gaps>0</Hsp_gaps>
      <Hsp_align-len>76</Hsp_align-len>
      <Hsp_qseq>AGGATATTGTATTAGACCTGCAACCTCCAGACCCTGTAGGGTTACATTGCTATGAGCAATTAGTAGACAGCGCAGA</Hsp_qseq>
      <Hsp_hseq>AGGATATTGTATTAGACCTGCAACCTCCAGACCCTGTAGGGTTACATTGCTATGAGCAATTAGTAGACAGCTCAGA</Hsp_hseq>
      <Hsp_midline>||||||||||||||||||||||||||||||||||||||||||||||||||||||||||||||||||||||| ||||</Hsp_midline>
    </Hsp>
  </Hit_hsps>
</Hit>
<Hit>
  <Hit_num>45</Hit_num>
  <Hit_id>gi|2072436546|gb|MZ617408.1|</Hit_id>
  <Hit_def>Human papillomavirus type 6 isolate 1227, complete genome</Hit_def>
  <Hit_accession>MZ617408</Hit_accession>
  <Hit_len>8031</Hit_len>
  <Hit_hsps>
    <Hsp>
      <Hsp_num>1</Hsp_num>
      <Hsp_bit-score>133.834</Hsp_bit-score>
      <Hsp_score>147</Hsp_score>
      <Hsp_evalue>2.22538e-27</Hsp_evalue>
      <Hsp_query-from>1</Hsp_query-from>
      <Hsp_query-to>76</Hsp_query-to>
      <Hsp_hit-from>454</Hsp_hit-from>
      <Hsp_hit-to>529</Hsp_hit-to>
      <Hsp_query-frame>1</Hsp_query-frame>
      <Hsp_hit-frame>1</Hsp_hit-frame>
      <Hsp_identity>75</Hsp_identity>
      <Hsp_positive>75</Hsp_positive>
      <Hsp_gaps>0</Hsp_gaps>
      <Hsp_align-len>76</Hsp_align-len>
      <Hsp_qseq>AGGATATTGTATTAGACCTGCAACCTCCAGACCCTGTAGGGTTACATTGCTATGAGCAATTAGTAGACAGCGCAGA</Hsp_qseq>
      <Hsp_hseq>AGGATATTGTATTAGACCTGCAACCTCCAGACCCTGTAGGGTTACATTGCTATGAGCAATTAGTAGACAGCTCAGA</Hsp_hseq>
      <Hsp_midline>||||||||||||||||||||||||||||||||||||||||||||||||||||||||||||||||||||||| ||||</Hsp_midline>
    </Hsp>
  </Hit_hsps>
</Hit>
<Hit>
  <Hit_num>46</Hit_num>
  <Hit_id>gi|2072436536|gb|MZ617407.1|</Hit_id>
  <Hit_def>Human papillomavirus type 6 isolate 1226, complete genome</Hit_def>
  <Hit_accession>MZ617407</Hit_accession>
  <Hit_len>8031</Hit_len>
  <Hit_hsps>
    <Hsp>
      <Hsp_num>1</Hsp_num>
      <Hsp_bit-score>133.834</Hsp_bit-score>
      <Hsp_score>147</Hsp_score>
      <Hsp_evalue>2.22538e-27</Hsp_evalue>
      <Hsp_query-from>1</Hsp_query-from>
      <Hsp_query-to>76</Hsp_query-to>
      <Hsp_hit-from>454</Hsp_hit-from>
      <Hsp_hit-to>529</Hsp_hit-to>
      <Hsp_query-frame>1</Hsp_query-frame>
      <Hsp_hit-frame>1</Hsp_hit-frame>
      <Hsp_identity>75</Hsp_identity>
      <Hsp_positive>75</Hsp_positive>
      <Hsp_gaps>0</Hsp_gaps>
      <Hsp_align-len>76</Hsp_align-len>
      <Hsp_qseq>AGGATATTGTATTAGACCTGCAACCTCCAGACCCTGTAGGGTTACATTGCTATGAGCAATTAGTAGACAGCGCAGA</Hsp_qseq>
      <Hsp_hseq>AGGATATTGTATTAGACCTGCAACCTCCAGACCCTGTAGGGTTACATTGCTATGAGCAATTAGTAGACAGCTCAGA</Hsp_hseq>
      <Hsp_midline>||||||||||||||||||||||||||||||||||||||||||||||||||||||||||||||||||||||| ||||</Hsp_midline>
    </Hsp>
  </Hit_hsps>
</Hit>
<Hit>
  <Hit_num>47</Hit_num>
  <Hit_id>gi|2072436526|gb|MZ617406.1|</Hit_id>
  <Hit_def>Human papillomavirus type 6 isolate 1224, complete genome</Hit_def>
  <Hit_accession>MZ617406</Hit_accession>
  <Hit_len>7994</Hit_len>
  <Hit_hsps>
    <Hsp>
      <Hsp_num>1</Hsp_num>
      <Hsp_bit-score>133.834</Hsp_bit-score>
      <Hsp_score>147</Hsp_score>
      <Hsp_evalue>2.22538e-27</Hsp_evalue>
      <Hsp_query-from>1</Hsp_query-from>
      <Hsp_query-to>76</Hsp_query-to>
      <Hsp_hit-from>454</Hsp_hit-from>
      <Hsp_hit-to>529</Hsp_hit-to>
      <Hsp_query-frame>1</Hsp_query-frame>
      <Hsp_hit-frame>1</Hsp_hit-frame>
      <Hsp_identity>75</Hsp_identity>
      <Hsp_positive>75</Hsp_positive>
      <Hsp_gaps>0</Hsp_gaps>
      <Hsp_align-len>76</Hsp_align-len>
      <Hsp_qseq>AGGATATTGTATTAGACCTGCAACCTCCAGACCCTGTAGGGTTACATTGCTATGAGCAATTAGTAGACAGCGCAGA</Hsp_qseq>
      <Hsp_hseq>AGGATATTGTATTAGACCTGCAACCTCCAGACCCTGTAGGGTTACATTGCTATGAGCAATTAGTAGACAGCTCAGA</Hsp_hseq>
      <Hsp_midline>||||||||||||||||||||||||||||||||||||||||||||||||||||||||||||||||||||||| ||||</Hsp_midline>
    </Hsp>
  </Hit_hsps>
</Hit>
<Hit>
  <Hit_num>48</Hit_num>
  <Hit_id>gi|2072436516|gb|MZ617405.1|</Hit_id>
  <Hit_def>Human papillomavirus type 6 isolate 1218, complete genome</Hit_def>
  <Hit_accession>MZ617405</Hit_accession>
  <Hit_len>8027</Hit_len>
  <Hit_hsps>
    <Hsp>
      <Hsp_num>1</Hsp_num>
      <Hsp_bit-score>133.834</Hsp_bit-score>
      <Hsp_score>147</Hsp_score>
      <Hsp_evalue>2.22538e-27</Hsp_evalue>
      <Hsp_query-from>1</Hsp_query-from>
      <Hsp_query-to>76</Hsp_query-to>
      <Hsp_hit-from>454</Hsp_hit-from>
      <Hsp_hit-to>529</Hsp_hit-to>
      <Hsp_query-frame>1</Hsp_query-frame>
      <Hsp_hit-frame>1</Hsp_hit-frame>
      <Hsp_identity>75</Hsp_identity>
      <Hsp_positive>75</Hsp_positive>
      <Hsp_gaps>0</Hsp_gaps>
      <Hsp_align-len>76</Hsp_align-len>
      <Hsp_qseq>AGGATATTGTATTAGACCTGCAACCTCCAGACCCTGTAGGGTTACATTGCTATGAGCAATTAGTAGACAGCGCAGA</Hsp_qseq>
      <Hsp_hseq>AGGATATTGTATTAGACCTGCAACCTCCAGACCCTGTAGGGTTACATTGCTATGAGCAATTAGTAGACAGCTCAGA</Hsp_hseq>
      <Hsp_midline>||||||||||||||||||||||||||||||||||||||||||||||||||||||||||||||||||||||| ||||</Hsp_midline>
    </Hsp>
  </Hit_hsps>
</Hit>
<Hit>
  <Hit_num>49</Hit_num>
  <Hit_id>gi|2072436506|gb|MZ617404.1|</Hit_id>
  <Hit_def>Human papillomavirus type 6 isolate 1214, complete genome</Hit_def>
  <Hit_accession>MZ617404</Hit_accession>
  <Hit_len>8031</Hit_len>
  <Hit_hsps>
    <Hsp>
      <Hsp_num>1</Hsp_num>
      <Hsp_bit-score>133.834</Hsp_bit-score>
      <Hsp_score>147</Hsp_score>
      <Hsp_evalue>2.22538e-27</Hsp_evalue>
      <Hsp_query-from>1</Hsp_query-from>
      <Hsp_query-to>76</Hsp_query-to>
      <Hsp_hit-from>454</Hsp_hit-from>
      <Hsp_hit-to>529</Hsp_hit-to>
      <Hsp_query-frame>1</Hsp_query-frame>
      <Hsp_hit-frame>1</Hsp_hit-frame>
      <Hsp_identity>75</Hsp_identity>
      <Hsp_positive>75</Hsp_positive>
      <Hsp_gaps>0</Hsp_gaps>
      <Hsp_align-len>76</Hsp_align-len>
      <Hsp_qseq>AGGATATTGTATTAGACCTGCAACCTCCAGACCCTGTAGGGTTACATTGCTATGAGCAATTAGTAGACAGCGCAGA</Hsp_qseq>
      <Hsp_hseq>AGGATATTGTATTAGACCTGCAACCTCCAGACCCTGTAGGGTTACATTGCTATGAGCAATTAGTAGACAGCTCAGA</Hsp_hseq>
      <Hsp_midline>||||||||||||||||||||||||||||||||||||||||||||||||||||||||||||||||||||||| ||||</Hsp_midline>
    </Hsp>
  </Hit_hsps>
</Hit>
<Hit>
  <Hit_num>50</Hit_num>
  <Hit_id>gi|2072436496|gb|MZ617403.1|</Hit_id>
  <Hit_def>Human papillomavirus type 6 isolate 1209, complete genome</Hit_def>
  <Hit_accession>MZ617403</Hit_accession>
  <Hit_len>7994</Hit_len>
  <Hit_hsps>
    <Hsp>
      <Hsp_num>1</Hsp_num>
      <Hsp_bit-score>133.834</Hsp_bit-score>
      <Hsp_score>147</Hsp_score>
      <Hsp_evalue>2.22538e-27</Hsp_evalue>
      <Hsp_query-from>1</Hsp_query-from>
      <Hsp_query-to>76</Hsp_query-to>
      <Hsp_hit-from>454</Hsp_hit-from>
      <Hsp_hit-to>529</Hsp_hit-to>
      <Hsp_query-frame>1</Hsp_query-frame>
      <Hsp_hit-frame>1</Hsp_hit-frame>
      <Hsp_identity>75</Hsp_identity>
      <Hsp_positive>75</Hsp_positive>
      <Hsp_gaps>0</Hsp_gaps>
      <Hsp_align-len>76</Hsp_align-len>
      <Hsp_qseq>AGGATATTGTATTAGACCTGCAACCTCCAGACCCTGTAGGGTTACATTGCTATGAGCAATTAGTAGACAGCGCAGA</Hsp_qseq>
      <Hsp_hseq>AGGATATTGTATTAGACCTGCAACCTCCAGACCCTGTAGGGTTACATTGCTATGAGCAATTAGTAGACAGCTCAGA</Hsp_hseq>
      <Hsp_midline>||||||||||||||||||||||||||||||||||||||||||||||||||||||||||||||||||||||| ||||</Hsp_midline>
    </Hsp>
  </Hit_hsps>
</Hit>
</Iteration_hits>
  <Iteration_stat>
    <Statistics>
      <Statistics_db-num>75921907</Statistics_db-num>
      <Statistics_db-len>917064896</Statistics_db-len>
      <Statistics_hsp-len>0</Statistics_hsp-len>
      <Statistics_eff-space>0</Statistics_eff-space>
      <Statistics_kappa>0.41</Statistics_kappa>
      <Statistics_lambda>0.625</Statistics_lambda>
      <Statistics_entropy>0.78</Statistics_entropy>
    </Statistics>
  </Iteration_stat>
</Iteration>
</BlastOutput_iterations>
</BlastOutput>
